 gcc -g p6original.c
 gdb a.out
GNU gdb (Ubuntu 8.1.1-0ubuntu1) 8.1.1
Copyright (C) 2018 Free Software Foundation, Inc.
License GPLv3+: GNU GPL version 3 or later <http://gnu.org/licenses/gpl.html>
This is free software: you are free to change and redistribute it.
There is NO WARRANTY, to the extent permitted by law.  Type "show copying"
and "show warranty" for details.
This GDB was configured as "x86_64-linux-gnu".
Type "show configuration" for configuration details.
For bug reporting instructions, please see:
<http://www.gnu.org/software/gdb/bugs/>.
Find the GDB manual and other documentation resources online at:
<http://www.gnu.org/software/gdb/documentation/>.
For help, type "help".
Type "apropos word" to search for commands related to "word"...
Reading symbols from a.out...done.
(gdb) b main
Breakpoint 1 at 0x722: file p6original.c, line 3.
(gdb) r
Starting program: /home/runner/pps-test1-dineshcherukuri815-30/a.out 
warning: Error disabling address space randomization: Operation not permitted

Breakpoint 1, main () at p6original.c:3
3   {
(gdb) n
4     int input,i,sum=0;
(gdb) n
5     printf("entre any num:");
(gdb) n
6     scanf("%d", &input);
(gdb) n
entre any num:5
7     for(i = 1;i<= input;i++)
(gdb) n
8     sum = sum +i;
(gdb) c
Continuing.
sum of 5 natural numbers :15
[Inferior 1 (process 276) exited normally]
(gdb) 